FROM aspnetcore:1.1
ADD ./ /app
ENV ASPNETCORE_URLS=http://*:${PORT}
WORKDIR /app
ENTRYPOINT [ "dotnet", "clean-1.1.dll" ]
