FROM aspnetcore:1.0
ADD ./ /app
ENV ASPNETCORE_URLS=http://*:${PORT}
WORKDIR /app
ENTRYPOINT [ "dotnet", "published-1.0.dll" ]
