FROM aspnetcore:1.1
ADD ./ /app
WORKDIR /app
ENTRYPOINT [ "dotnet", "published-1.1.dll" ]
