FROM aspnetcore:2.0
ADD ./ /app
WORKDIR /app
ENTRYPOINT [ "dotnet", "published-2.0.dll" ]
